// Jest Snapshot v1, https://goo.gl/fbAQLP

exports[`should render correctly array of objects 1`] = `
Array [
  <div
    display_value={
      Object {
        "date": "2019",
        "source": "Requalification du site",
      }
    }
    schema={
      Object {
        "properties": Object {
          "date": Object {
            "format": "date",
            "title": "Date",
            "type": "string",
          },
          "source": Object {
            "title": "Source",
            "type": "string",
          },
        },
        "type": "object",
      }
    }
    type="object"
    ui_schema={
      Object {
        "ui:order": Array [],
      }
    }
  />,
  <div
    display_value={
      Object {
        "date": "2018",
        "foo": "foo",
        "source": "Réfection toiture",
      }
    }
    schema={
      Object {
        "properties": Object {
          "date": Object {
            "format": "date",
            "title": "Date",
            "type": "string",
          },
          "source": Object {
            "title": "Source",
            "type": "string",
          },
        },
        "type": "object",
      }
    }
    type="object"
    ui_schema={
      Object {
        "ui:order": Array [],
      }
    }
  />,
]
`;

exports[`should render correctly array of objects as table 1`] = `
<div
  className="details__table"
>
  <table>
    <thead>
      <tr>
        <th>
          Date
        </th>
        <th>
          Source
        </th>
      </tr>
    </thead>
    <tbody>
      <tr>
        <td>
          <div
            display_value="2019"
            schema={
              Object {
                "format": "date",
                "title": "Date",
                "type": "string",
              }
            }
          />
        </td>
        <td>
          <div
            display_value="Requalification du site"
            schema={
              Object {
                "title": "Source",
                "type": "string",
              }
            }
          />
        </td>
      </tr>
      <tr>
        <td>
          <div
            display_value="2018"
            schema={
              Object {
                "format": "date",
                "title": "Date",
                "type": "string",
              }
            }
          />
        </td>
        <td>
          <div
            display_value="Réfection toiture"
            schema={
              Object {
                "title": "Source",
                "type": "string",
              }
            }
          />
        </td>
      </tr>
    </tbody>
  </table>
</div>
`;
