// Jest Snapshot v1, https://goo.gl/fbAQLP

exports[`should render correctly 1`] = `
<div
  properties={
    Object {
      "date": "2020/02/21",
      "title": "Title of the feature",
    }
  }
/>
`;
