// Jest Snapshot v1, https://goo.gl/fbAQLP

exports[`should render correctly 1`] = `
<div
  className="table-header"
>
  <div
    className="table-header__title"
  >
    <div
      className="table-header__spinner"
      tagName="span"
    />
    <span>
      CRUD.table.results
    </span>
    <strong>
      Layer Test
    </strong>
    <div />
  </div>
  <div
    columns={Array []}
    onChange={[Function]}
    onHeaderChange={[Function]}
  />
</div>
`;
