// Jest Snapshot v1, https://goo.gl/fbAQLP

exports[`should render correctly 1`] = `
<ul>
  <li>
    FileName
  </li>
  <li>
    FileName2
  </li>
</ul>
`;
