// Jest Snapshot v1, https://goo.gl/fbAQLP

exports[`should render correctly 1`] = `
<div
  className="details__actions"
>
  <div>
    <div />
  </div>
  <div>
    Children component
  </div>
</div>
`;
