// Jest Snapshot v1, https://goo.gl/fbAQLP

exports[`should render correctly array of objects 1`] = `
<div
  display_value={
    Array [
      Object {
        "date": "2019",
        "source": "Requalification du site",
      },
      Object {
        "date": "2018",
        "source": "Réfection toiture",
      },
    ]
  }
  schema={
    Object {
      "items": Object {
        "properties": Object {
          "date": Object {
            "format": "date",
            "title": "Date",
            "type": "string",
          },
          "source": Object {
            "title": "Source",
            "type": "string",
          },
        },
        "type": "object",
      },
    }
  }
  ui_schema={
    Object {
      "items": Object {
        "date": Object {
          "ui:help": "YYYY/MM/DD format",
        },
      },
    }
  }
/>
`;

exports[`should render correctly array of strings 1`] = `"Chemin du Puy-en-Velay, Chemin des Piémonts "`;

exports[`should render correctly nothing 1`] = `
<div>
  No value
</div>
`;
