// Jest Snapshot v1, https://goo.gl/fbAQLP

exports[`should render correctly 1`] = `
<ul>
  <li>
    <span>
      CRUD.details.other
    </span>
    <div
      editProperties={Object {}}
      properties={
        Object {
          "bar": Object {
            "display_value": "Value of bar",
            "title": "Bar",
          },
          "foo": Object {
            "display_value": "Value of foo",
            "title": "Foo",
          },
          "foobar": Object {
            "display_value": "Value of foo and bar",
            "title": "Foo and Bar",
          },
        }
      }
    />
  </li>
</ul>
`;
