// Jest Snapshot v1, https://goo.gl/fbAQLP

exports[`should render correctly file 1`] = `
<a
  href="http://file.pdf"
  rel="download noopener noreferrer"
  target="_blank"
>
  file.pdf
</a>
`;

exports[`should render correctly image 1`] = `
<img
  alt="file.pdf"
  src="http://file_thumb.jpg"
/>
`;

exports[`should render correctly nothing 1`] = `
<div>
  No value
</div>
`;
