// Jest Snapshot v1, https://goo.gl/fbAQLP

exports[`should render correctly false 1`] = `"CRUD.details.false"`;

exports[`should render correctly nothing 1`] = `
<div>
  No value
</div>
`;

exports[`should render correctly true 1`] = `"CRUD.details.true"`;
