// Jest Snapshot v1, https://goo.gl/fbAQLP

exports[`should render correctly 1`] = `
<div>
  <div>
    <a>
      <span
        className="btn minimal active"
      >
        <div>
          list-detail-view
        </div>
        <span
          className="bp3-button-text"
        >
           
          CRUD.details.menu.default
        </span>
      </span>
    </a>
    <a>
      <span
        className="btn minimal"
      >
        <div>
          polygon-filter
        </div>
        <span
          className="bp3-button-text"
        >
           
          CRUD.details.menu.geometries
        </span>
      </span>
    </a>
    <a>
      <span
        className="btn minimal"
      >
        <div>
          paperclip
        </div>
        <span
          className="bp3-button-text"
        >
           
          CRUD.details.menu.attachments
        </span>
      </span>
    </a>
  </div>
  <div>
    <div />
  </div>
</div>
`;
