// Jest Snapshot v1, https://goo.gl/fbAQLP

exports[`should render correctly 1`] = `
<main
  className="main-content"
>
  <p>
    Module Foo
  </p>
  <p>
    Module Bar
  </p>
  <div>
    Loading
  </div>
</main>
`;
