// Jest Snapshot v1, https://goo.gl/fbAQLP

exports[`should render correctly nothing 1`] = `
<div>
  No value
</div>
`;

exports[`should render correctly object 1`] = `
<div
  className="details__object"
>
  <div
    className="details__object-group"
  >
    <div
      className="details__object-key"
    >
      Date
       :
    </div>
    <div
      className="details__object-value"
    >
      <div
        display_value="2019"
        schema={
          Object {
            "format": "date",
            "title": "Date",
            "type": "string",
          }
        }
      />
    </div>
  </div>
  <div
    className="details__object-group"
  >
    <div
      className="details__object-key"
    >
      Source
       :
    </div>
    <div
      className="details__object-value"
    >
      <div
        display_value="Requalification du site"
        schema={
          Object {
            "title": "Source",
            "type": "string",
          }
        }
      />
    </div>
  </div>
</div>
`;
